<!DOCTYPE html>
<html lang="en">
<head>
	<meta charset="UTF-8">
	<title>Document</title>
	<link type="text/css" rel="stylesheet" href="style.css">
</head>
<body>
	<div id="wrapper">
<!--begin header-->
		<div id="header">
			<div class="container clearfix">
				<div id="logo">
					<a href="#"><img src="img/logo.png" height="28" width="79" alt=""></a>
				</div>
				<nav>
				    <a href="#" class="hamburger">
     					<div class="line"></div>
     					<div class="line"></div>
     					<div class="line"></div>
     				</a>
					<ul class="nav">
						<li><a href="#">home</a></li>
						<li><a href="#">service</a></li>
						<li><a href="#">portfolio</a></li>
						<li><a href="#">about</a></li>
						<li><a href="#">contact</a></li>
					</ul>
     			</nav>
			</div>
		</div>
<!--end header-->
<!--begin home-->
		<div id="home">
			<div class="container">	
				<h3>Welcome To Our Studio!</h3>
				<h1>Itâ€™s nice to Meet you</h1>
				<buttun class="btn">tell me more</buttun>
			</div>
		</div>
<!--end home-->
<!--begin services-->
		<div id="services" class="box">
			<div class="container">
				<h2 class="title">Services</h2>
				<p class="descr">Proin iaculis purus consequat sem cure. </p>
				<div class="services-wrap clearfix">
					<div class="services-item comerce">
						<h5 class="title">E-Commerce</h5>
						<p>Proin iaculis purus consequat sem cure 
						digni ssim. Donec porttitora entum suscipit.</p>
					</div>		
					<div class="services-item responsive">
						<h5 class="title">Responsive Web</h5>
						<p>Proin iaculis purus consequat sem cure 
						digni ssim. Donec porttitora entum suscipit.</p>
					</div>		
					<div class="services-item security">
						<h5 class="title">Web Security</h5>
						<p>Proin iaculis purus consequat sem cure
						digni ssim. Donec porttitora entum suscipit.</p>
					</div>				
				</div>
			</div>
		</div>
<!--end services-->
<!--begin portfolio-->
		<div id="portfolio" class="box">
			<div class="container">
				<h2 class="title">Our portfolio</h2>
				<p class="descr">Proin iaculis purus consequat 	sem cure. </p>	
				<div class="portfolio-wrap clearfix">
					<div class="p-item">
						<a href="#"><img src="img/p-item1.jpg" alt=""></a>
						<div class="p-item-footer">
							<h5 class="title">Ebony & Ivory</h5>
							<span>Branding</span>
						</div>
					</div>
					<div class="p-item">
						<a href="#"><img src="img/p-item2.jpg" alt=""></a>
						<div class="p-item-footer">
							<h5 class="title">Ebony & Ivory</h5>
							<span>Print Design</span>
						</div>
					</div>
					<div class="p-item">
						<a href="#"><img src="img/p-item3.jpg" alt=""></a>	
						<div class="p-item-footer">
							<h5 class="title">Ebony & Ivory</h5>
							<span>Print Design</span>
						</div>
					</div>
					<div class="p-item">
						<a href="#"><img src="img/p-item4.jpg" alt=""></a>	
						<div class="p-item-footer">
							<h5 class="title">Ebony & Ivory</h5>
							<span>Product Mock-Up</span>
						</div>
					</div>
					<div class="p-item">
						<a href="#"><img src="img/p-item5.jpg" alt=""></a>
						<div class="p-item-footer">
							<h5 class="title">Ebony & Ivory</h5>
							<span>Web Design</span>
						</div>
					</div>
					<div class="p-item">
						<a href="#"><img src="img/p-item6.jpg" alt=""></a>
						<div class="p-item-footer">
							<h5 class="title">Ebony & Ivory</h5>
							<span>Branding</span>
						</div>
					</div>
				</div>
			</div>
		</div>
<!--end portfolio-->
<!--begin about-->
		<div id="about" class="box">
			<div class="container">
				<h2 class="title">About Us</h2>
				<p class="descr">Proin iaculis purus consequat sem cure.</p>
				<div class="about-wrap">
					<div class="about-item clearfix">
						<div class="about-text left text-right">
							<h5 class="title">July 2010<br>
							Our Humble Beginnings</h5>
							<p class="descr">Proin iaculis purus consequat sem cure 
							digni ssim. Donec porttitora entum suscipit 
							aenean rhoncus posuere odio in tincidunt. Proin 
							iaculis purus consequat sem cure digni 
							ssim. Donec porttitora entum suscipit.</p>
						</div>
						<div class="about-img left">
							<img src="img/a-item1.png" alt="">
						</div>
					</div>
					<div class="about-item clearfix">
						<div class="about-text right text-left">
							<h5 class="title">January 2011 <br>
							Facing Startup Battles
							</h5>
							<p class="descr">Proin iaculis purus consequat sem cure 
							digni ssim. Donec porttitora entum suscipit 
							aenean rhoncus posuere odio in tincidunt. Proin 
							iaculis purus consequat sem cure digni 
							ssim. Donec porttitora entum suscipit aenean 
							rhoncus posuere odio in tincidunt.</p>
						</div>
						<div class="about-img right">
							<img src="img/a-item2.png" alt="">
						</div>
					</div>
					<div class="about-item clearfix">
						<div class="about-text left text-right">
							<h5 class="title">December 2012 <br>
							Enter The Dark Days
							</h5>
							<p class="descr">Proin iaculis purus consequat sem cure 
							digni ssim. Donec porttitora entum suscipit 
							aenean rhoncus posuere odio in tincidunt. Proin 
							iaculis purus consequat sem cure digni.</p>
						</div>
						<div class="about-img left">
							<img src="img/a-item3.png" alt="">
						</div>
					</div>
					<div class="about-item clearfix">
						<div class="about-text right text-left">
							<h5 class="title">July 2010<br>
							Our Humble Beginnings</h5>
							<p class="descr">Proin iaculis purus consequat sem cure 
							digni ssim. Donec porttitora entum suscipit 
							aenean rhoncus posuere odio in tincidunt. Proin 
							iaculis purus consequat sem cure digni 
							ssim. Donec porttitora entum suscipit.</p>
						</div>
						<div class="about-img right">
							<img src="img/a-item4.png" alt="">
						</div>
					</div>
					<a href="#" class="about-link"><br />Our<br />Story<br />Continues<br />...</a>
				</div>
			</div>
		</div>
<!--end about-->
<!--begin team-->
		<div id="team" class="box">
			<div class="container">
				<h2 class="title">our amazing team</h2>
				<p class="descr">Proin iaculis purus consequat sem cure.</p>
				<div class="team-wrap clearfix">
					<div class="team-item">
						<img src="img/team-img.png" height="220" width="220" >	
						<h5 class="title">Kimberly Thompson</h5>
						<p class="cat">Marketer</p>
						<div class="social">
							<a href="#" class="ic-tw">&nbsp</a>
							<a href="#" class="ic-fb">&nbsp</a>
							<a href="#" class="ic-pn">&nbsp</a>	
						</div>			
					</div>
					<div class="team-item">
						<img src="img/team-img.png" height="220" width="220" >	
						<h5 class="title">Rico Massimo</h5>
						<p class="cat">Coder</p>
						<div class="social">
							<a href="#" class="ic-tw">&nbsp</a>
							<a href="#" class="ic-fb">&nbsp</a>
							<a href="#" class="ic-gl">&nbsp</a>	
						</div>			
					</div>
					<div class="team-item">
						<img src="img/team-img.png" height="220" width="220" >	
						<h5 class="title">Uku Mason</h5>
						<p class="cat">Graphic Designer</p>
						<div class="social">
							<a href="#" class="ic-fb">&nbsp</a>
							<a href="#" class="ic-pn">&nbsp</a>	
						</div>			
					</div>
				</div>
				<p class="descr team-info">
					Proin iaculis purus consequat sem cure  digni ssim donec porttitora entum suscipit <br> aenean rhoncus posuere odio in tincidunt proin iaculis.
				</p>
			</div>
		</div>
<!--end team-->
<!--begin brand-->
		<div id="brand">
			<div class="container">
			<a href="#"><img src="img/envato.jpg" height="30" width="161"></a>
			<a href="#"><img src="img/wordpress.png"  height="42" width="186"></a>
			<a href="#"><img src="img/tuts.jpg"  height="41" width="131"></a>
			<a href="#"><img src="img/microlancer.jpg"  height="42" width="167"></a>
			</div>
		</div>
		<div id="contact" class="box">
			<div class="container">
				<h2 class="title">contact us</h2>
				<p class="descr">Proin iaculis purus consequat sem cure. </p>
			<form action="#" id="message">
				<div class="clearfix">
					<div class="left">
						<input type="text" placeholder="your name *">
						<input type="text" placeholder="your e-mail *">
						<input type="text" placeholder="subject">					
					</div>
					<div class="right">
						<textarea cols="0" rows="0" <input type="text" placeholder="your message*"></textarea>
					</div>
				</div>
				<input type="submit" value="send message" class="btn">
			</form>
			</div>
		</div>
		<div id="copyright">
			<div class="container">
				<div class="social">
					<a href="#" class="ic-tw black">&nbsp</a>
					<a href="#" class="ic-fb black">&nbsp</a>
					<a href="#" class="ic-pn black">&nbsp</a>
					<a href="#" class="ic-gl black">&nbsp</a>	
				</div>	
				<p> &copy; Copyright 2014 FreebiesXpress.com</p>
			</div>
		</div>
<!--end brand-->
	</div>
	<script src="js/vendor/jquery-1.11.2.min.js"></script>
	<script src="js/main.js"></script>
</body>
</html>